../Core/Src/stm32c0xx_it.c:71:6:NMI_Handler	0	static
../Core/Src/stm32c0xx_it.c:86:6:HardFault_Handler	0	static
../Core/Src/stm32c0xx_it.c:101:6:SVC_Handler	0	static
../Core/Src/stm32c0xx_it.c:114:6:PendSV_Handler	0	static
../Core/Src/stm32c0xx_it.c:127:6:SysTick_Handler	8	static
../Core/Src/stm32c0xx_it.c:148:6:EXTI4_15_IRQHandler	8	static
../Core/Src/stm32c0xx_it.c:165:6:TIM1_CC_IRQHandler	8	static
../Core/Src/stm32c0xx_it.c:179:6:TIM14_IRQHandler	8	static
../Core/Src/stm32c0xx_it.c:193:6:I2C1_IRQHandler	8	static
