../Drivers/STM32C0xx_HAL_Driver/Inc/stm32c0xx_ll_adc.h:3671:22:LL_ADC_SetAnalogWDMonitChannels	8	static
../Drivers/STM32C0xx_HAL_Driver/Inc/stm32c0xx_ll_adc.h:4434:26:LL_ADC_REG_IsConversionOngoing	0	static
../Drivers/STM32C0xx_HAL_Driver/Src/stm32c0xx_hal_adc.c:867:13:HAL_ADC_MspInit	0	static
../Drivers/STM32C0xx_HAL_Driver/Src/stm32c0xx_hal_adc.c:387:19:HAL_ADC_Init	40	static
../Drivers/STM32C0xx_HAL_Driver/Src/stm32c0xx_hal_adc.c:884:13:HAL_ADC_MspDeInit	0	static
../Drivers/STM32C0xx_HAL_Driver/Src/stm32c0xx_hal_adc.c:1275:19:HAL_ADC_PollForConversion	32	static
../Drivers/STM32C0xx_HAL_Driver/Src/stm32c0xx_hal_adc.c:1402:19:HAL_ADC_PollForEvent	24	static
../Drivers/STM32C0xx_HAL_Driver/Src/stm32c0xx_hal_adc.c:1855:10:HAL_ADC_GetValue	0	static
../Drivers/STM32C0xx_HAL_Driver/Src/stm32c0xx_hal_adc.c:2081:13:HAL_ADC_ConvCpltCallback	0	static
../Drivers/STM32C0xx_HAL_Driver/Src/stm32c0xx_hal_adc.c:2096:13:HAL_ADC_ConvHalfCpltCallback	0	static
../Drivers/STM32C0xx_HAL_Driver/Src/stm32c0xx_hal_adc.c:2935:13:ADC_DMAHalfConvCplt	8	static
../Drivers/STM32C0xx_HAL_Driver/Src/stm32c0xx_hal_adc.c:2111:13:HAL_ADC_LevelOutOfWindowCallback	0	static
../Drivers/STM32C0xx_HAL_Driver/Src/stm32c0xx_hal_adc.c:2133:13:HAL_ADC_ErrorCallback	0	static
../Drivers/STM32C0xx_HAL_Driver/Src/stm32c0xx_hal_adc.c:2953:13:ADC_DMAError	8	static
../Drivers/STM32C0xx_HAL_Driver/Src/stm32c0xx_hal_adc.c:2857:13:ADC_DMAConvCplt	16	static
../Drivers/STM32C0xx_HAL_Driver/Src/stm32c0xx_hal_adc.c:1872:6:HAL_ADC_IRQHandler	24	static
../Drivers/STM32C0xx_HAL_Driver/Src/stm32c0xx_hal_adc.c:2179:19:HAL_ADC_ConfigChannel	40	static
../Drivers/STM32C0xx_HAL_Driver/Src/stm32c0xx_hal_adc.c:2621:10:HAL_ADC_GetState	0	static
../Drivers/STM32C0xx_HAL_Driver/Src/stm32c0xx_hal_adc.c:2635:10:HAL_ADC_GetError	0	static
../Drivers/STM32C0xx_HAL_Driver/Src/stm32c0xx_hal_adc.c:2662:19:ADC_ConversionStop	16	static
../Drivers/STM32C0xx_HAL_Driver/Src/stm32c0xx_hal_adc.c:2712:19:ADC_Enable	32	static
../Drivers/STM32C0xx_HAL_Driver/Src/stm32c0xx_hal_adc.c:1151:19:HAL_ADC_Start	16	static
../Drivers/STM32C0xx_HAL_Driver/Src/stm32c0xx_hal_adc.c:1529:19:HAL_ADC_Start_IT	16	static
../Drivers/STM32C0xx_HAL_Driver/Src/stm32c0xx_hal_adc.c:1673:19:HAL_ADC_Start_DMA	32	static
../Drivers/STM32C0xx_HAL_Driver/Src/stm32c0xx_hal_adc.c:2799:19:ADC_Disable	16	static
../Drivers/STM32C0xx_HAL_Driver/Src/stm32c0xx_hal_adc.c:735:19:HAL_ADC_DeInit	16	static
../Drivers/STM32C0xx_HAL_Driver/Src/stm32c0xx_hal_adc.c:1221:19:HAL_ADC_Stop	16	static
../Drivers/STM32C0xx_HAL_Driver/Src/stm32c0xx_hal_adc.c:1623:19:HAL_ADC_Stop_IT	16	static
../Drivers/STM32C0xx_HAL_Driver/Src/stm32c0xx_hal_adc.c:1771:19:HAL_ADC_Stop_DMA	16	static
../Drivers/STM32C0xx_HAL_Driver/Src/stm32c0xx_hal_adc.c:2379:19:HAL_ADC_AnalogWDGConfig	32	static
